// Jest Snapshot v1, https://goo.gl/fbAQLP

exports[`should rended ExpensesList with expenses 1`] = `
<div>
  <ExpensesListItem
    amount={195}
    createdAt={0}
    description="Gum"
    id="1"
    key="1"
    note=""
  />
  <ExpensesListItem
    amount={52500}
    createdAt={-345600000}
    description="Heroin"
    id="2"
    key="2"
    note=""
  />
  <ExpensesListItem
    amount={4500}
    createdAt={345600000}
    description="Credit Card"
    id="3"
    key="3"
    note=""
  />
</div>
`;

exports[`should render ExpensesList with empty message 1`] = `
<div>
  <p>
    No expenses
  </p>
</div>
`;
