// Jest Snapshot v1, https://goo.gl/fbAQLP

exports[`should render NotFoundPage correclty 1`] = `
<div>
  404! Page not found. 
  <Link
    replace={false}
    to="/"
  >
    Go to Homepage
  </Link>
</div>
`;
